[0.395s] Invoking command in '/home/rara/tros_sldworks_pkg': DEBUGINFOD_URLS=https://debuginfod.ubuntu.com PYTHONPATH=/home/rara/tros_sldworks_pkg/build/tros_sldworks_pkg/prefix_override:/usr/lib/python3/dist-packages/colcon_core/task/python/colcon_distutils_commands:/home/rara/tros_sldworks_pkg/install/tros_sldworks_pkg/lib/python3.12/site-packages:${PYTHONPATH} /usr/bin/python3 -W ignore:setup.py install is deprecated -W ignore:easy_install command is deprecated setup.py egg_info --egg-base build/tros_sldworks_pkg build --build-base /home/rara/tros_sldworks_pkg/build/tros_sldworks_pkg/build install --record /home/rara/tros_sldworks_pkg/build/tros_sldworks_pkg/install.log --install-scripts $base/lib/tros_sldworks_pkg --single-version-externally-managed install_data
[0.526s] running egg_info
[0.534s] writing build/tros_sldworks_pkg/tros_sldworks_pkg.egg-info/PKG-INFO
[0.535s] writing dependency_links to build/tros_sldworks_pkg/tros_sldworks_pkg.egg-info/dependency_links.txt
[0.535s] writing requirements to build/tros_sldworks_pkg/tros_sldworks_pkg.egg-info/requires.txt
[0.535s] writing top-level names to build/tros_sldworks_pkg/tros_sldworks_pkg.egg-info/top_level.txt
[0.553s] reading manifest file 'build/tros_sldworks_pkg/tros_sldworks_pkg.egg-info/SOURCES.txt'
[0.553s] writing manifest file 'build/tros_sldworks_pkg/tros_sldworks_pkg.egg-info/SOURCES.txt'
[0.553s] running build
[0.553s] running build_py
[0.553s] running install
[0.556s] running install_lib
[0.565s] running install_data
[0.565s] copying urdf/robot_description.sdf -> /home/rara/tros_sldworks_pkg/install/tros_sldworks_pkg/share/tros_sldworks_pkg/urdf
[0.565s] running install_egg_info
[0.575s] removing '/home/rara/tros_sldworks_pkg/install/tros_sldworks_pkg/lib/python3.12/site-packages/tros_sldworks_pkg-0.0.0-py3.12.egg-info' (and everything under it)
[0.575s] Copying build/tros_sldworks_pkg/tros_sldworks_pkg.egg-info to /home/rara/tros_sldworks_pkg/install/tros_sldworks_pkg/lib/python3.12/site-packages/tros_sldworks_pkg-0.0.0-py3.12.egg-info
[0.575s] running install_scripts
[0.637s] writing list of installed files to '/home/rara/tros_sldworks_pkg/build/tros_sldworks_pkg/install.log'
[0.650s] Invoked command in '/home/rara/tros_sldworks_pkg' returned '0': DEBUGINFOD_URLS=https://debuginfod.ubuntu.com PYTHONPATH=/home/rara/tros_sldworks_pkg/build/tros_sldworks_pkg/prefix_override:/usr/lib/python3/dist-packages/colcon_core/task/python/colcon_distutils_commands:/home/rara/tros_sldworks_pkg/install/tros_sldworks_pkg/lib/python3.12/site-packages:${PYTHONPATH} /usr/bin/python3 -W ignore:setup.py install is deprecated -W ignore:easy_install command is deprecated setup.py egg_info --egg-base build/tros_sldworks_pkg build --build-base /home/rara/tros_sldworks_pkg/build/tros_sldworks_pkg/build install --record /home/rara/tros_sldworks_pkg/build/tros_sldworks_pkg/install.log --install-scripts $base/lib/tros_sldworks_pkg --single-version-externally-managed install_data
