/home/rara/tros_sldworks_pkg/install/tros_sldworks_pkg/lib/python3.12/site-packages/tros_sldworks_pkg/__init__.py
/home/rara/tros_sldworks_pkg/install/tros_sldworks_pkg/lib/python3.12/site-packages/tros_sldworks_pkg/__pycache__/__init__.cpython-312.pyc
/home/rara/tros_sldworks_pkg/install/tros_sldworks_pkg/share/ament_index/resource_index/packages/tros_sldworks_pkg
/home/rara/tros_sldworks_pkg/install/tros_sldworks_pkg/share/tros_sldworks_pkg/package.xml
/home/rara/tros_sldworks_pkg/install/tros_sldworks_pkg/share/tros_sldworks_pkg/launch/view_robot.launch
/home/rara/tros_sldworks_pkg/install/tros_sldworks_pkg/share/tros_sldworks_pkg/urdf/robot_description.urdf
/home/rara/tros_sldworks_pkg/install/tros_sldworks_pkg/share/tros_sldworks_pkg/rviz/default_view.rviz
/home/rara/tros_sldworks_pkg/install/tros_sldworks_pkg/share/tros_sldworks_pkg/meshes/arm_turret_link.STL
/home/rara/tros_sldworks_pkg/install/tros_sldworks_pkg/share/tros_sldworks_pkg/meshes/front_right_link.STL
/home/rara/tros_sldworks_pkg/install/tros_sldworks_pkg/share/tros_sldworks_pkg/meshes/front_left_link.STL
/home/rara/tros_sldworks_pkg/install/tros_sldworks_pkg/share/tros_sldworks_pkg/meshes/right_rotatable_link.STL
/home/rara/tros_sldworks_pkg/install/tros_sldworks_pkg/share/tros_sldworks_pkg/meshes/chassis_link.STL
/home/rara/tros_sldworks_pkg/install/tros_sldworks_pkg/share/tros_sldworks_pkg/meshes/rear_right_link.STL
/home/rara/tros_sldworks_pkg/install/tros_sldworks_pkg/share/tros_sldworks_pkg/meshes/arm_base_turret_link.STL
/home/rara/tros_sldworks_pkg/install/tros_sldworks_pkg/share/tros_sldworks_pkg/meshes/left_rotatable_link.STL
/home/rara/tros_sldworks_pkg/install/tros_sldworks_pkg/share/tros_sldworks_pkg/meshes/arm_mid_link.STL
/home/rara/tros_sldworks_pkg/install/tros_sldworks_pkg/share/tros_sldworks_pkg/meshes/lidar_link.STL
/home/rara/tros_sldworks_pkg/install/tros_sldworks_pkg/share/tros_sldworks_pkg/meshes/rear_left_link.STL
/home/rara/tros_sldworks_pkg/install/tros_sldworks_pkg/lib/python3.12/site-packages/tros_sldworks_pkg-0.0.0-py3.12.egg-info/requires.txt
/home/rara/tros_sldworks_pkg/install/tros_sldworks_pkg/lib/python3.12/site-packages/tros_sldworks_pkg-0.0.0-py3.12.egg-info/zip-safe
/home/rara/tros_sldworks_pkg/install/tros_sldworks_pkg/lib/python3.12/site-packages/tros_sldworks_pkg-0.0.0-py3.12.egg-info/dependency_links.txt
/home/rara/tros_sldworks_pkg/install/tros_sldworks_pkg/lib/python3.12/site-packages/tros_sldworks_pkg-0.0.0-py3.12.egg-info/SOURCES.txt
/home/rara/tros_sldworks_pkg/install/tros_sldworks_pkg/lib/python3.12/site-packages/tros_sldworks_pkg-0.0.0-py3.12.egg-info/top_level.txt
/home/rara/tros_sldworks_pkg/install/tros_sldworks_pkg/lib/python3.12/site-packages/tros_sldworks_pkg-0.0.0-py3.12.egg-info/PKG-INFO
